Starting E2E Test Suite...

--- Verifying Interactions ---
node : [WARN] Error executing JS in daily-rewards.html: Unexpected token ')'
At line:1 char:1
+ node tests/e2e_test_fixed.js > test_output.txt 2>&1
+ ~~~~~~~~~~~~~~~~~~~~~~~~~~~~~~~~~~~~~~~~~~~~~~~~~~~
    + CategoryInfo          : NotSpecified: ([WARN] Error ex...ected token ')':String) [], RemoteException
    + FullyQualifiedErrorId : NativeCommandError
 
[FAIL] daily-rewards.html: <button> tag ("Γÿ░") - Possible silent failure (no interactive attributes like onclick, vali
d type=submit/reset, or handled id/class)
[FAIL] daily-rewards.html: <button> tag ("SPIN THE WHEEL") - Possible silent failure (no interactive attributes like on
click, valid type=submit/reset, or handled id/class)
[FAIL] daily-rewards.html: <button> tag ("Claim Credits") - Possible silent failure (no interactive attributes like onc
lick, valid type=submit/reset, or handled id/class)
[WARN] Error executing JS in editor.html: Unexpected token ')'
[FAIL] editor.html: <button> tag ("Γÿ░") - Possible silent failure (no interactive attributes like onclick, valid type=
submit/reset, or handled id/class)
[FAIL] editor.html: <button> tag ("Generate Video") - Possible silent failure (no interactive attributes like onclick, 
valid type=submit/reset, or handled id/class)
[WARN] Error executing JS in explore.html: Unexpected token ')'
[FAIL] explore.html: <a> tag ("View All Templates ΓåÆ") - Dead end detected (href is empty or "#" with no event listene
r or binding)
[FAIL] explore.html: <a> tag ("Support") - Dead end detected (href is empty or "#" with no event listener or binding)
[FAIL] explore.html: <a> tag ("Submit a Request") - Dead end detected (href is empty or "#" with no event listener or b
inding)
[FAIL] explore.html: <a> tag ("Privacy Policy") - Dead end detected (href is empty or "#" with no event listener or bin
ding)
[FAIL] explore.html: <a> tag ("Terms of Use") - Dead end detected (href is empty or "#" with no event listener or bindi
ng)
[FAIL] explore.html: <a> tag ("Content Removal") - Dead end detected (href is empty or "#" with no event listener or bi
nding)
[FAIL] explore.html: <button> tag ("Γÿ░") - Possible silent failure (no interactive attributes like onclick, valid type
=submit/reset, or handled id/class)
[FAIL] explore.html: <button> tag ("button") - Possible silent failure (no interactive attributes like onclick, valid t
ype=submit/reset, or handled id/class)
[FAIL] explore.html: <button> tag ("button") - Possible silent failure (no interactive attributes like onclick, valid t
ype=submit/reset, or handled id/class)
[FAIL] explore.html: <button> tag ("Trending") - Possible silent failure (no interactive attributes like onclick, valid
 type=submit/reset, or handled id/class)
[FAIL] explore.html: <button> tag ("New") - Possible silent failure (no interactive attributes like onclick, valid type
=submit/reset, or handled id/class)
[FAIL] explore.html: <button> tag ("Top Rated") - Possible silent failure (no interactive attributes like onclick, vali
d type=submit/reset, or handled id/class)
[FAIL] explore.html: <button> tag ("Most Favorited") - Possible silent failure (no interactive attributes like onclick,
 valid type=submit/reset, or handled id/class)
[FAIL] explore.html: <button> tag ("VIP Creators") - Possible silent failure (no interactive attributes like onclick, v
alid type=submit/reset, or handled id/class)
[FAIL] explore.html: <button> tag ("4K") - Possible silent failure (no interactive attributes like onclick, valid type=
submit/reset, or handled id/class)
[FAIL] explore.html: <button> tag ("Picture") - Possible silent failure (no interactive attributes like onclick, valid 
type=submit/reset, or handled id/class)
[WARN] Error executing JS in index.html: Unexpected token ')'
[FAIL] index.html: <button> tag ("button") - Possible silent failure (no interactive attributes like onclick, valid typ
e=submit/reset, or handled id/class)
[FAIL] index.html: <button> tag ("button") - Possible silent failure (no interactive attributes like onclick, valid typ
e=submit/reset, or handled id/class)
[FAIL] index.html: <button> tag ("Trending") - Possible silent failure (no interactive attributes like onclick, valid t
ype=submit/reset, or handled id/class)
[FAIL] index.html: <button> tag ("New") - Possible silent failure (no interactive attributes like onclick, valid type=s
ubmit/reset, or handled id/class)
[FAIL] index.html: <button> tag ("Top Rated") - Possible silent failure (no interactive attributes like onclick, valid 
type=submit/reset, or handled id/class)
[FAIL] index.html: <button> tag ("Most Favorited") - Possible silent failure (no interactive attributes like onclick, v
alid type=submit/reset, or handled id/class)
[FAIL] index.html: <button> tag ("VIP Creators") - Possible silent failure (no interactive attributes like onclick, val
id type=submit/reset, or handled id/class)
[FAIL] index.html: <button> tag ("4K") - Possible silent failure (no interactive attributes like onclick, valid type=su
bmit/reset, or handled id/class)
[FAIL] index.html: <button> tag ("Picture") - Possible silent failure (no interactive attributes like onclick, valid ty
pe=submit/reset, or handled id/class)
[WARN] Error executing JS in login.html: Unexpected token ')'
[FAIL] login.html: <button> tag ("Google") - Possible silent failure (no interactive attributes like onclick, valid typ
e=submit/reset, or handled id/class)
[WARN] Error executing JS in media-detail.html: Unexpected token ')'
[FAIL] media-detail.html: <button> tag ("Γÿ░") - Possible silent failure (no interactive attributes like onclick, valid
 type=submit/reset, or handled id/class)
[FAIL] media-detail.html: <button> tag ("Share") - Possible silent failure (no interactive attributes like onclick, val
id type=submit/reset, or handled id/class)
[FAIL] media-detail.html: <button> tag ("Generate Γÿà 30") - Possible silent failure (no interactive attributes like on
click, valid type=submit/reset, or handled id/class)
[FAIL] media-detail.html: <button> tag ("button") - Possible silent failure (no interactive attributes like onclick, va
lid type=submit/reset, or handled id/class)
[FAIL] media-detail.html: <button> tag ("Pay with Apple Pay") - Possible silent failure (no interactive attributes like
 onclick, valid type=submit/reset, or handled id/class)
[FAIL] media-detail.html: <button> tag ("button") - Possible silent failure (no interactive attributes like onclick, va
lid type=submit/reset, or handled id/class)
[FAIL] media-detail.html: <button> tag ("Copy Link") - Possible silent failure (no interactive attributes like onclick,
 valid type=submit/reset, or handled id/class)
[WARN] Error executing JS in queue.html: Unexpected token ')'
[FAIL] queue.html: <button> tag ("Γÿ░") - Possible silent failure (no interactive attributes like onclick, valid type=s
ubmit/reset, or handled id/class)
[WARN] Error executing JS in recharge.html: Unexpected token ')'
[FAIL] recharge.html: <button> tag ("Γÿ░") - Possible silent failure (no interactive attributes like onclick, valid typ
e=submit/reset, or handled id/class)
[FAIL] recharge.html: <button> tag ("Get more Credits") - Possible silent failure (no interactive attributes like oncli
ck, valid type=submit/reset, or handled id/class)
[WARN] Error executing JS in referral.html: Unexpected token ')'
[FAIL] referral.html: <button> tag ("Γÿ░") - Possible silent failure (no interactive attributes like onclick, valid typ
e=submit/reset, or handled id/class)
[FAIL] referral.html: <button> tag ("Copy VIP Link") - Possible silent failure (no interactive attributes like onclick,
 valid type=submit/reset, or handled id/class)
[FAIL] referral.html: <button> tag ("Withdraw Royalties") - Possible silent failure (no interactive attributes like onc
lick, valid type=submit/reset, or handled id/class)
[WARN] Error executing JS in register.html: Unexpected token ')'
[FAIL] register.html: <button> tag ("Google") - Possible silent failure (no interactive attributes like onclick, valid 
type=submit/reset, or handled id/class)
[WARN] Error executing JS in studio.html: Unexpected token ')'
[FAIL] studio.html: <button> tag ("Γÿ░") - Possible silent failure (no interactive attributes like onclick, valid type=
submit/reset, or handled id/class)
[FAIL] studio.html: <button> tag ("Withdraw USDT") - Possible silent failure (no interactive attributes like onclick, v
alid type=submit/reset, or handled id/class)
[WARN] Error executing JS in subscription.html: Unexpected token ')'
[FAIL] subscription.html: <button> tag ("Γÿ░") - Possible silent failure (no interactive attributes like onclick, valid
 type=submit/reset, or handled id/class)
[FAIL] subscription.html: <button> tag ("Current Plan") - Possible silent failure (no interactive attributes like oncli
ck, valid type=submit/reset, or handled id/class)
[FAIL] subscription.html: <button> tag ("Upgrade to Elite") - Possible silent failure (no interactive attributes like o
nclick, valid type=submit/reset, or handled id/class)
[FAIL] subscription.html: <button> tag ("Become a Legend") - Possible silent failure (no interactive attributes like on
click, valid type=submit/reset, or handled id/class)
[WARN] Error executing JS in telegram.html: Unexpected token ')'
[FAIL] telegram.html: <button> tag ("Γÿ░") - Possible silent failure (no interactive attributes like onclick, valid typ
e=submit/reset, or handled id/class)
[WARN] Error executing JS in top-creators.html: Unexpected token ')'
[FAIL] top-creators.html: <button> tag ("Γÿ░") - Possible silent failure (no interactive attributes like onclick, valid
 type=submit/reset, or handled id/class)
[FAIL] top-creators.html: <button> tag ("All") - Possible silent failure (no interactive attributes like onclick, valid
 type=submit/reset, or handled id/class)
[FAIL] top-creators.html: <button> tag ("Trending") - Possible silent failure (no interactive attributes like onclick, 
valid type=submit/reset, or handled id/class)
[FAIL] top-creators.html: <button> tag ("New") - Possible silent failure (no interactive attributes like onclick, valid
 type=submit/reset, or handled id/class)
[FAIL] top-creators.html: <button> tag ("Top Rated") - Possible silent failure (no interactive attributes like onclick,
 valid type=submit/reset, or handled id/class)
[FAIL] top-creators.html: <button> tag ("Most Favorited") - Possible silent failure (no interactive attributes like onc
lick, valid type=submit/reset, or handled id/class)
[FAIL] top-creators.html: <button> tag ("VIP Creators") - Possible silent failure (no interactive attributes like oncli
ck, valid type=submit/reset, or handled id/class)
[FAIL] top-creators.html: <button> tag ("4K") - Possible silent failure (no interactive attributes like onclick, valid 
type=submit/reset, or handled id/class)
[FAIL] top-creators.html: <button> tag ("Picture") - Possible silent failure (no interactive attributes like onclick, v
alid type=submit/reset, or handled id/class)
[WARN] Error executing JS in train-new.html: Unexpected token ')'
[FAIL] train-new.html: <button> tag ("Γÿ░") - Possible silent failure (no interactive attributes like onclick, valid ty
pe=submit/reset, or handled id/class)
[FAIL] train-new.html: <button> tag ("Start Training") - Possible silent failure (no interactive attributes like onclic
k, valid type=submit/reset, or handled id/class)
[WARN] Error executing JS in train.html: Unexpected token ')'
[FAIL] train.html: <button> tag ("Γÿ░") - Possible silent failure (no interactive attributes like onclick, valid type=s
ubmit/reset, or handled id/class)

--- Verifying Content ---

--- Test Results ---
Status: FAILED with 64 errors.
